\BOOKMARK [1][-]{section.1}{\376\377\0001\000\040\000I\000n\000t\000r\000o\000d\000u\000c\000c\000i\000o\000n}{}% 1
\BOOKMARK [2][-]{subsection.1.1}{\376\377\0001\000.\0001\000\040\000C\000o\000n\000t\000e\000x\000t\000u\000a\000l\000i\000z\000a\000c\000i\000o\000n}{section.1}% 2
\BOOKMARK [2][-]{subsection.1.2}{\376\377\0001\000.\0002\000\040\000P\000l\000a\000n\000t\000e\000a\000m\000i\000e\000n\000t\000o\000\040\000d\000e\000l\000\040\000p\000r\000o\000b\000l\000e\000m\000a}{section.1}% 3
\BOOKMARK [2][-]{subsection.1.3}{\376\377\0001\000.\0003\000\040\000P\000r\000e\000g\000u\000n\000t\000a\000\040\000d\000e\000\040\000i\000n\000v\000e\000s\000t\000i\000g\000a\000c\000i\000o\000n}{section.1}% 4
\BOOKMARK [2][-]{subsection.1.4}{\376\377\0001\000.\0004\000\040\000H\000i\000p\000o\000t\000e\000s\000i\000s\000\040\000d\000e\000\040\000t\000r\000a\000b\000a\000j\000o}{section.1}% 5
\BOOKMARK [2][-]{subsection.1.5}{\376\377\0001\000.\0005\000\040\000O\000b\000j\000e\000t\000i\000v\000o\000\040\000g\000e\000n\000e\000r\000a\000l}{section.1}% 6
\BOOKMARK [2][-]{subsection.1.6}{\376\377\0001\000.\0006\000\040\000O\000b\000j\000e\000t\000i\000v\000o\000s\000\040\000e\000s\000p\000e\000c\000i\000f\000i\000c\000o\000s}{section.1}% 7
\BOOKMARK [2][-]{subsection.1.7}{\376\377\0001\000.\0007\000\040\000J\000u\000s\000t\000i\000f\000i\000c\000a\000c\000i\000o\000n}{section.1}% 8
\BOOKMARK [2][-]{subsection.1.8}{\376\377\0001\000.\0008\000\040\000A\000l\000c\000a\000n\000c\000e\000\040\000y\000\040\000d\000e\000l\000i\000m\000i\000t\000a\000c\000i\000o\000n\000e\000s}{section.1}% 9
\BOOKMARK [1][-]{section.2}{\376\377\0002\000\040\000M\000a\000r\000c\000o\000\040\000t\000e\000o\000r\000i\000c\000o}{}% 10
\BOOKMARK [2][-]{subsection.2.1}{\376\377\0002\000.\0001\000\040\000G\000e\000s\000t\000i\000o\000n\000\040\000d\000e\000\040\000s\000e\000r\000v\000i\000c\000i\000o\000s\000\040\000d\000e\000\040\000t\000e\000c\000n\000o\000l\000o\000g\000i\000a\000s\000\040\000d\000e\000\040\000l\000a\000\040\000i\000n\000f\000o\000r\000m\000a\000c\000i\000o\000n}{section.2}% 11
\BOOKMARK [2][-]{subsection.2.2}{\376\377\0002\000.\0002\000\040\000M\000e\000s\000a\000\040\000d\000e\000\040\000a\000y\000u\000d\000a\000\040\000y\000\040\000m\000o\000d\000e\000l\000o\000\040\000I\000T\000I\000L}{section.2}% 12
\BOOKMARK [2][-]{subsection.2.3}{\376\377\0002\000.\0003\000\040\000A\000u\000t\000o\000m\000a\000t\000i\000z\000a\000c\000i\000o\000n\000\040\000d\000e\000\040\000p\000r\000o\000c\000e\000s\000o\000s\000\040\000y\000\040\000o\000r\000q\000u\000e\000s\000t\000a\000c\000i\000o\000n\000\040\000d\000e\000\040\000f\000l\000u\000j\000o\000s}{section.2}% 13
\BOOKMARK [2][-]{subsection.2.4}{\376\377\0002\000.\0004\000\040\000P\000r\000o\000c\000e\000s\000a\000m\000i\000e\000n\000t\000o\000\040\000d\000e\000\040\000l\000e\000n\000g\000u\000a\000j\000e\000\040\000n\000a\000t\000u\000r\000a\000l\000\040\000y\000\040\000m\000o\000d\000e\000l\000o\000s\000\040\000d\000e\000\040\000l\000e\000n\000g\000u\000a\000j\000e\000\040\000g\000r\000a\000n\000d\000e\000s}{section.2}% 14
\BOOKMARK [2][-]{subsection.2.5}{\376\377\0002\000.\0005\000\040\000R\000e\000c\000o\000n\000o\000c\000i\000m\000i\000e\000n\000t\000o\000\040\000a\000u\000t\000o\000m\000a\000t\000i\000c\000o\000\040\000d\000e\000l\000\040\000h\000a\000b\000l\000a}{section.2}% 15
\BOOKMARK [2][-]{subsection.2.6}{\376\377\0002\000.\0006\000\040\000B\000a\000s\000e\000s\000\040\000d\000e\000\040\000d\000a\000t\000o\000s\000\040\000r\000e\000l\000a\000c\000i\000o\000n\000a\000l\000e\000s\000\040\000y\000\040\000p\000e\000r\000s\000i\000s\000t\000e\000n\000c\000i\000a\000\040\000t\000r\000a\000n\000s\000a\000c\000c\000i\000o\000n\000a\000l}{section.2}% 16
\BOOKMARK [2][-]{subsection.2.7}{\376\377\0002\000.\0007\000\040\000M\000e\000t\000r\000i\000c\000a\000s\000\040\000d\000e\000\040\000e\000v\000a\000l\000u\000a\000c\000i\000o\000n\000\040\000d\000e\000\040\000c\000l\000a\000s\000i\000f\000i\000c\000a\000d\000o\000r\000e\000s\000\040\000m\000u\000l\000t\000i\000c\000l\000a\000s\000e}{section.2}% 17
\BOOKMARK [1][-]{section.3}{\376\377\0003\000\040\000E\000s\000t\000a\000d\000o\000\040\000d\000e\000l\000\040\000a\000r\000t\000e}{}% 18
\BOOKMARK [2][-]{subsection.3.1}{\376\377\0003\000.\0001\000\040\000S\000o\000l\000u\000c\000i\000o\000n\000e\000s\000\040\000c\000o\000m\000e\000r\000c\000i\000a\000l\000e\000s\000\040\000d\000e\000\040\000m\000e\000s\000a\000\040\000d\000e\000\040\000a\000y\000u\000d\000a}{section.3}% 19
\BOOKMARK [2][-]{subsection.3.2}{\376\377\0003\000.\0002\000\040\000P\000l\000a\000t\000a\000f\000o\000r\000m\000a\000s\000\040\000d\000e\000\040\000o\000r\000q\000u\000e\000s\000t\000a\000c\000i\000o\000n\000\040\000d\000e\000\040\000f\000l\000u\000j\000o\000s}{section.3}% 20
\BOOKMARK [2][-]{subsection.3.3}{\376\377\0003\000.\0003\000\040\000T\000r\000a\000b\000a\000j\000o\000s\000\040\000a\000c\000a\000d\000e\000m\000i\000c\000o\000s\000\040\000p\000r\000e\000v\000i\000o\000s\000\040\000s\000o\000b\000r\000e\000\040\000c\000l\000a\000s\000i\000f\000i\000c\000a\000c\000i\000o\000n\000\040\000d\000e\000\040\000t\000i\000c\000k\000e\000t\000s}{section.3}% 21
\BOOKMARK [2][-]{subsection.3.4}{\376\377\0003\000.\0004\000\040\000A\000n\000a\000l\000i\000s\000i\000s\000\040\000c\000o\000m\000p\000a\000r\000a\000t\000i\000v\000o\000\040\000y\000\040\000b\000r\000e\000c\000h\000a\000\040\000i\000d\000e\000n\000t\000i\000f\000i\000c\000a\000d\000a}{section.3}% 22
\BOOKMARK [1][-]{section.4}{\376\377\0004\000\040\000M\000a\000r\000c\000o\000\040\000m\000e\000t\000o\000d\000o\000l\000o\000g\000i\000c\000o}{}% 23
\BOOKMARK [2][-]{subsection.4.1}{\376\377\0004\000.\0001\000\040\000E\000n\000f\000o\000q\000u\000e\000\040\000y\000\040\000t\000i\000p\000o\000\040\000d\000e\000\040\000i\000n\000v\000e\000s\000t\000i\000g\000a\000c\000i\000o\000n}{section.4}% 24
\BOOKMARK [2][-]{subsection.4.2}{\376\377\0004\000.\0002\000\040\000D\000i\000s\000e\000n\000o\000\040\000e\000x\000p\000e\000r\000i\000m\000e\000n\000t\000a\000l}{section.4}% 25
\BOOKMARK [2][-]{subsection.4.3}{\376\377\0004\000.\0003\000\040\000O\000p\000e\000r\000a\000c\000i\000o\000n\000a\000l\000i\000z\000a\000c\000i\000o\000n\000\040\000d\000e\000\040\000v\000a\000r\000i\000a\000b\000l\000e\000s}{section.4}% 26
\BOOKMARK [2][-]{subsection.4.4}{\376\377\0004\000.\0004\000\040\000P\000o\000b\000l\000a\000c\000i\000o\000n\000,\000\040\000m\000u\000e\000s\000t\000r\000a\000\040\000y\000\040\000c\000o\000r\000p\000u\000s}{section.4}% 27
\BOOKMARK [2][-]{subsection.4.5}{\376\377\0004\000.\0005\000\040\000P\000r\000o\000t\000o\000c\000o\000l\000o\000\040\000d\000e\000\040\000p\000r\000u\000e\000b\000a\000s}{section.4}% 28
\BOOKMARK [2][-]{subsection.4.6}{\376\377\0004\000.\0006\000\040\000M\000e\000t\000r\000i\000c\000a\000s\000\040\000e\000\040\000i\000n\000s\000t\000r\000u\000m\000e\000n\000t\000o\000s}{section.4}% 29
\BOOKMARK [2][-]{subsection.4.7}{\376\377\0004\000.\0007\000\040\000A\000n\000a\000l\000i\000s\000i\000s\000\040\000e\000s\000t\000a\000d\000i\000s\000t\000i\000c\000o}{section.4}% 30
\BOOKMARK [2][-]{subsection.4.8}{\376\377\0004\000.\0008\000\040\000A\000m\000e\000n\000a\000z\000a\000s\000\040\000a\000\040\000l\000a\000\040\000v\000a\000l\000i\000d\000e\000z}{section.4}% 31
\BOOKMARK [2][-]{subsection.4.9}{\376\377\0004\000.\0009\000\040\000G\000e\000s\000t\000i\000o\000n\000\040\000d\000e\000l\000\040\000p\000r\000o\000y\000e\000c\000t\000o\000\040\000b\000a\000j\000o\000\040\000e\000n\000f\000o\000q\000u\000e\000\040\000S\000c\000r\000u\000m\000b\000a\000n}{section.4}% 32
\BOOKMARK [1][-]{section.5}{\376\377\0005\000\040\000A\000r\000q\000u\000i\000t\000e\000c\000t\000u\000r\000a\000\040\000d\000e\000l\000\040\000s\000i\000s\000t\000e\000m\000a}{}% 33
\BOOKMARK [2][-]{subsection.5.1}{\376\377\0005\000.\0001\000\040\000V\000i\000s\000i\000o\000n\000\040\000g\000e\000n\000e\000r\000a\000l}{section.5}% 34
\BOOKMARK [2][-]{subsection.5.2}{\376\377\0005\000.\0002\000\040\000C\000a\000p\000a\000\040\000d\000e\000\040\000c\000a\000n\000a\000l\000e\000s\000\040\000d\000e\000\040\000e\000n\000t\000r\000a\000d\000a}{section.5}% 35
\BOOKMARK [2][-]{subsection.5.3}{\376\377\0005\000.\0003\000\040\000C\000a\000p\000a\000\040\000d\000e\000\040\000o\000r\000q\000u\000e\000s\000t\000a\000c\000i\000o\000n}{section.5}% 36
\BOOKMARK [2][-]{subsection.5.4}{\376\377\0005\000.\0004\000\040\000C\000a\000p\000a\000\040\000d\000e\000\040\000p\000r\000o\000c\000e\000s\000a\000m\000i\000e\000n\000t\000o}{section.5}% 37
\BOOKMARK [2][-]{subsection.5.5}{\376\377\0005\000.\0005\000\040\000S\000u\000b\000s\000i\000s\000t\000e\000m\000a\000\040\000d\000e\000\040\000c\000l\000a\000s\000i\000f\000i\000c\000a\000c\000i\000o\000n\000\040\000h\000i\000b\000r\000i\000d\000o}{section.5}% 38
\BOOKMARK [2][-]{subsection.5.6}{\376\377\0005\000.\0006\000\040\000M\000o\000d\000e\000l\000o\000\040\000d\000e\000\040\000d\000a\000t\000o\000s}{section.5}% 39
\BOOKMARK [2][-]{subsection.5.7}{\376\377\0005\000.\0007\000\040\000C\000o\000n\000t\000r\000a\000t\000o\000\040\000d\000e\000\040\000l\000a\000\040\000i\000n\000t\000e\000r\000f\000a\000z\000\040\000R\000E\000S\000T}{section.5}% 40
\BOOKMARK [1][-]{section.6}{\376\377\0006\000\040\000I\000m\000p\000l\000e\000m\000e\000n\000t\000a\000c\000i\000o\000n}{}% 41
\BOOKMARK [2][-]{subsection.6.1}{\376\377\0006\000.\0001\000\040\000E\000n\000t\000o\000r\000n\000o\000\040\000d\000e\000\040\000d\000e\000s\000p\000l\000i\000e\000g\000u\000e\000\040\000y\000\040\000d\000e\000p\000e\000n\000d\000e\000n\000c\000i\000a\000s}{section.6}% 42
\BOOKMARK [2][-]{subsection.6.2}{\376\377\0006\000.\0002\000\040\000C\000o\000n\000s\000t\000r\000u\000c\000c\000i\000o\000n\000\040\000d\000e\000l\000\040\000m\000o\000d\000u\000l\000o\000\040\000P\000y\000t\000h\000o\000n}{section.6}% 43
\BOOKMARK [2][-]{subsection.6.3}{\376\377\0006\000.\0003\000\040\000C\000o\000n\000s\000t\000r\000u\000c\000c\000i\000o\000n\000\040\000d\000e\000l\000\040\000f\000l\000u\000j\000o\000\040\000e\000n\000\040\000N\0008\000N}{section.6}% 44
\BOOKMARK [2][-]{subsection.6.4}{\376\377\0006\000.\0004\000\040\000I\000n\000t\000e\000g\000r\000a\000c\000i\000o\000n\000\040\000d\000e\000l\000\040\000c\000a\000n\000a\000l\000\040\000t\000e\000l\000e\000f\000o\000n\000i\000c\000o}{section.6}% 45
\BOOKMARK [2][-]{subsection.6.5}{\376\377\0006\000.\0005\000\040\000D\000e\000s\000a\000f\000i\000o\000s\000\040\000d\000e\000\040\000i\000n\000t\000e\000g\000r\000a\000c\000i\000o\000n}{section.6}% 46
\BOOKMARK [2][-]{subsection.6.6}{\376\377\0006\000.\0006\000\040\000C\000o\000n\000e\000x\000i\000o\000n\000\040\000c\000o\000n\000\040\000e\000l\000\040\000p\000r\000o\000c\000e\000s\000o\000\040\000S\000c\000r\000u\000m\000b\000a\000n}{section.6}% 47
\BOOKMARK [2][-]{subsection.6.7}{\376\377\0006\000.\0007\000\040\000P\000r\000u\000e\000b\000a\000s\000\040\000a\000u\000t\000o\000m\000a\000t\000i\000z\000a\000d\000a\000s}{section.6}% 48
\BOOKMARK [1][-]{section.7}{\376\377\0007\000\040\000R\000e\000s\000u\000l\000t\000a\000d\000o\000s}{}% 49
\BOOKMARK [2][-]{subsection.7.1}{\376\377\0007\000.\0001\000\040\000C\000o\000m\000p\000a\000r\000a\000c\000i\000o\000n\000\040\000d\000e\000\040\000t\000i\000e\000m\000p\000o\000s\000\040\000d\000e\000\040\000r\000e\000g\000i\000s\000t\000r\000o}{section.7}% 50
\BOOKMARK [2][-]{subsection.7.2}{\376\377\0007\000.\0002\000\040\000M\000a\000t\000r\000i\000z\000\040\000d\000e\000\040\000c\000o\000n\000f\000u\000s\000i\000o\000n\000\040\000y\000\040\000m\000e\000t\000r\000i\000c\000a\000s\000\040\000d\000e\000\040\000c\000l\000a\000s\000i\000f\000i\000c\000a\000c\000i\000o\000n}{section.7}% 51
\BOOKMARK [2][-]{subsection.7.3}{\376\377\0007\000.\0003\000\040\000R\000e\000d\000u\000c\000c\000i\000o\000n\000\040\000d\000e\000\040\000l\000a\000\040\000i\000n\000t\000e\000r\000v\000e\000n\000c\000i\000o\000n\000\040\000h\000u\000m\000a\000n\000a}{section.7}% 52
\BOOKMARK [2][-]{subsection.7.4}{\376\377\0007\000.\0004\000\040\000A\000n\000a\000l\000i\000s\000i\000s\000\040\000d\000e\000\040\000e\000r\000r\000o\000r\000e\000s\000\040\000y\000\040\000c\000a\000s\000o\000s\000\040\000l\000i\000m\000i\000t\000e}{section.7}% 53
\BOOKMARK [1][-]{section.8}{\376\377\0008\000\040\000D\000i\000s\000c\000u\000s\000i\000o\000n}{}% 54
\BOOKMARK [2][-]{subsection.8.1}{\376\377\0008\000.\0001\000\040\000I\000n\000t\000e\000r\000p\000r\000e\000t\000a\000c\000i\000o\000n\000\040\000d\000e\000\040\000l\000o\000s\000\040\000r\000e\000s\000u\000l\000t\000a\000d\000o\000s}{section.8}% 55
\BOOKMARK [2][-]{subsection.8.2}{\376\377\0008\000.\0002\000\040\000C\000o\000m\000p\000a\000r\000a\000c\000i\000o\000n\000\040\000c\000o\000n\000\040\000l\000a\000\040\000l\000i\000t\000e\000r\000a\000t\000u\000r\000a}{section.8}% 56
\BOOKMARK [2][-]{subsection.8.3}{\376\377\0008\000.\0003\000\040\000L\000i\000m\000i\000t\000a\000c\000i\000o\000n\000e\000s\000\040\000d\000e\000l\000\040\000e\000s\000t\000u\000d\000i\000o}{section.8}% 57
\BOOKMARK [2][-]{subsection.8.4}{\376\377\0008\000.\0004\000\040\000I\000m\000p\000l\000i\000c\000a\000n\000c\000i\000a\000s\000\040\000p\000r\000a\000c\000t\000i\000c\000a\000s}{section.8}% 58
\BOOKMARK [2][-]{subsection.8.5}{\376\377\0008\000.\0005\000\040\000R\000e\000f\000l\000e\000x\000i\000o\000n\000e\000s\000\040\000s\000o\000b\000r\000e\000\040\000l\000a\000\040\000g\000e\000n\000e\000r\000a\000l\000i\000z\000a\000c\000i\000o\000n}{section.8}% 59
\BOOKMARK [1][-]{section.9}{\376\377\0009\000\040\000C\000o\000n\000c\000l\000u\000s\000i\000o\000n\000e\000s}{}% 60
\BOOKMARK [2][-]{subsection.9.1}{\376\377\0009\000.\0001\000\040\000C\000u\000m\000p\000l\000i\000m\000i\000e\000n\000t\000o\000\040\000d\000e\000\040\000l\000o\000s\000\040\000o\000b\000j\000e\000t\000i\000v\000o\000s\000\040\000d\000e\000l\000\040\000t\000r\000a\000b\000a\000j\000o}{section.9}% 61
\BOOKMARK [2][-]{subsection.9.2}{\376\377\0009\000.\0002\000\040\000A\000p\000o\000r\000t\000e\000s\000\040\000y\000\040\000g\000e\000n\000e\000r\000a\000l\000i\000z\000a\000c\000i\000o\000n}{section.9}% 62
\BOOKMARK [1][-]{section.10}{\376\377\0001\0000\000\040\000R\000e\000c\000o\000m\000e\000n\000d\000a\000c\000i\000o\000n\000e\000s\000\040\000y\000\040\000l\000i\000n\000e\000a\000s\000\040\000d\000e\000\040\000t\000r\000a\000b\000a\000j\000o\000\040\000f\000u\000t\000u\000r\000o}{}% 63
\BOOKMARK [2][-]{subsection.10.1}{\376\377\0001\0000\000.\0001\000\040\000I\000n\000c\000o\000r\000p\000o\000r\000a\000c\000i\000o\000n\000\040\000d\000e\000\040\000u\000n\000\040\000c\000l\000a\000s\000i\000f\000i\000c\000a\000d\000o\000r\000\040\000s\000u\000p\000e\000r\000v\000i\000s\000a\000d\000o\000\040\000c\000o\000n\000\040\000c\000o\000r\000p\000u\000s\000\040\000p\000r\000o\000p\000i\000o}{section.10}% 64
\BOOKMARK [2][-]{subsection.10.2}{\376\377\0001\0000\000.\0002\000\040\000A\000m\000p\000l\000i\000a\000c\000i\000o\000n\000\040\000d\000e\000\040\000c\000a\000n\000a\000l\000e\000s\000\040\000d\000e\000\040\000e\000n\000t\000r\000a\000d\000a}{section.10}% 65
\BOOKMARK [2][-]{subsection.10.3}{\376\377\0001\0000\000.\0003\000\040\000P\000a\000n\000e\000l\000\040\000d\000e\000\040\000m\000o\000n\000i\000t\000o\000r\000e\000o\000\040\000e\000n\000\040\000t\000i\000e\000m\000p\000o\000\040\000r\000e\000a\000l}{section.10}% 66
\BOOKMARK [2][-]{subsection.10.4}{\376\377\0001\0000\000.\0004\000\040\000M\000e\000c\000a\000n\000i\000s\000m\000o\000s\000\040\000d\000e\000\040\000a\000p\000r\000e\000n\000d\000i\000z\000a\000j\000e\000\040\000a\000c\000t\000i\000v\000o}{section.10}% 67
\BOOKMARK [2][-]{subsection.10.5}{\376\377\0001\0000\000.\0005\000\040\000E\000s\000t\000u\000d\000i\000o\000s\000\040\000d\000e\000\040\000r\000e\000p\000l\000i\000c\000a\000c\000i\000o\000n}{section.10}% 68
\BOOKMARK [2][-]{subsection.10.6}{\376\377\0001\0000\000.\0006\000\040\000E\000v\000a\000l\000u\000a\000c\000i\000o\000n\000\040\000d\000e\000\040\000m\000o\000d\000e\000l\000o\000s\000\040\000d\000e\000\040\000l\000e\000n\000g\000u\000a\000j\000e\000\040\000d\000e\000\040\000c\000o\000d\000i\000g\000o\000\040\000a\000b\000i\000e\000r\000t\000o}{section.10}% 69
\BOOKMARK [1][-]{section.11}{\376\377\0001\0001\000\040\000C\000o\000n\000s\000i\000d\000e\000r\000a\000c\000i\000o\000n\000e\000s\000\040\000e\000t\000i\000c\000a\000s\000\040\000y\000\040\000a\000s\000p\000e\000c\000t\000o\000s\000\040\000l\000e\000g\000a\000l\000e\000s}{}% 70
\BOOKMARK [2][-]{subsection.11.1}{\376\377\0001\0001\000.\0001\000\040\000M\000a\000r\000c\000o\000\040\000n\000o\000r\000m\000a\000t\000i\000v\000o\000\040\000a\000p\000l\000i\000c\000a\000b\000l\000e}{section.11}% 71
\BOOKMARK [2][-]{subsection.11.2}{\376\377\0001\0001\000.\0002\000\040\000P\000r\000i\000n\000c\000i\000p\000i\000o\000s\000\040\000a\000p\000l\000i\000c\000a\000d\000o\000s\000\040\000a\000l\000\040\000t\000r\000a\000t\000a\000m\000i\000e\000n\000t\000o\000\040\000d\000e\000\040\000d\000a\000t\000o\000s}{section.11}% 72
\BOOKMARK [2][-]{subsection.11.3}{\376\377\0001\0001\000.\0003\000\040\000T\000r\000a\000n\000s\000f\000e\000r\000e\000n\000c\000i\000a\000\040\000i\000n\000t\000e\000r\000n\000a\000c\000i\000o\000n\000a\000l\000\040\000y\000\040\000p\000s\000e\000u\000d\000o\000n\000i\000m\000i\000z\000a\000c\000i\000o\000n}{section.11}% 73
\BOOKMARK [2][-]{subsection.11.4}{\376\377\0001\0001\000.\0004\000\040\000S\000e\000g\000u\000r\000i\000d\000a\000d\000\040\000t\000e\000c\000n\000i\000c\000a}{section.11}% 74
\BOOKMARK [2][-]{subsection.11.5}{\376\377\0001\0001\000.\0005\000\040\000C\000o\000n\000s\000e\000n\000t\000i\000m\000i\000e\000n\000t\000o\000,\000\040\000d\000e\000r\000e\000c\000h\000o\000s\000\040\000d\000e\000l\000\040\000u\000s\000u\000a\000r\000i\000o\000\040\000y\000\040\000s\000u\000p\000e\000r\000v\000i\000s\000i\000o\000n\000\040\000h\000u\000m\000a\000n\000a}{section.11}% 75
\BOOKMARK [1][-]{subsection.11.5}{\376\377\000R\000e\000f\000e\000r\000e\000n\000c\000i\000a\000s\000\040\000b\000i\000b\000l\000i\000o\000g\000r\000a\000f\000i\000c\000a\000s}{}% 76
\BOOKMARK [1][-]{section*.11}{\376\377\000A\000p\000p\000e\000n\000d\000i\000c\000e\000s}{}% 77
\BOOKMARK [1][-]{appendix.1.Alph1}{\376\377\000A\000\040\000D\000i\000a\000g\000r\000a\000m\000a\000\040\000d\000e\000\040\000a\000r\000q\000u\000i\000t\000e\000c\000t\000u\000r\000a\000\040\000d\000e\000l\000\040\000s\000i\000s\000t\000e\000m\000a}{}% 78
\BOOKMARK [1][-]{appendix.1.Alph2}{\376\377\000B\000\040\000R\000e\000p\000o\000s\000i\000t\000o\000r\000i\000o\000\040\000d\000e\000\040\000c\000o\000d\000i\000g\000o\000\040\000f\000u\000e\000n\000t\000e}{}% 79
\BOOKMARK [1][-]{appendix.1.Alph3}{\376\377\000C\000\040\000E\000s\000q\000u\000e\000m\000a\000\040\000d\000e\000\040\000b\000a\000s\000e\000\040\000d\000e\000\040\000d\000a\000t\000o\000s}{}% 80
\BOOKMARK [1][-]{appendix.1.Alph4}{\376\377\000D\000\040\000E\000s\000p\000e\000c\000i\000f\000i\000c\000a\000c\000i\000o\000n\000\040\000O\000p\000e\000n\000A\000P\000I\000\040\000d\000e\000\040\000l\000a\000\040\000i\000n\000t\000e\000r\000f\000a\000z\000\040\000R\000E\000S\000T}{}% 81
\BOOKMARK [1][-]{appendix.1.Alph5}{\376\377\000E\000\040\000C\000o\000n\000f\000i\000g\000u\000r\000a\000c\000i\000o\000n\000\040\000d\000e\000l\000\040\000f\000l\000u\000j\000o\000\040\000N\0008\000N}{}% 82
\BOOKMARK [1][-]{appendix.1.Alph6}{\376\377\000F\000\040\000C\000o\000r\000p\000u\000s\000\040\000d\000e\000\040\000v\000a\000l\000i\000d\000a\000c\000i\000o\000n}{}% 83
\BOOKMARK [1][-]{appendix.1.Alph7}{\376\377\000G\000\040\000D\000o\000c\000u\000m\000e\000n\000t\000a\000c\000i\000o\000n\000\040\000o\000p\000e\000r\000a\000t\000i\000v\000a}{}% 84
